Using device: cuda
Reading targets from: /mnt/c/Users/retar/Desktop/research/ML/data/MW/fcnm_RHI_z.fits
Listing spectra in: /mnt/c/Users/retar/Desktop/research/ML/data/MW/syn_HI_spec_z
Found 262144 spectra files
Mapped spectra filenames to flattened FITS target indices using target shape (512, 512)

Split sizes: train=183501, val=39322, test=39321

Target summary: selected subset (n=262144)
  fCNM: min=0, p05=0, median=0, mean=0.092244, std=0.17233, p95=0.50071, max=0.9707
  RHI : min=0.99561, p05=0.99786, median=1.0111, mean=1.0671, std=0.30218, p95=1.2818, max=38.421

Target summary: train (n=183501)
  fCNM: min=0, p05=0, median=0, mean=0.09278, std=0.17286, p95=0.50325, max=0.94901
  RHI : min=0.99561, p05=0.99786, median=1.0111, mean=1.0674, std=0.30349, p95=1.2836, max=38.421

Target summary: validation (n=39322)
  fCNM: min=0, p05=0, median=0, mean=0.090652, std=0.17093, p95=0.49569, max=0.92045
  RHI : min=0.99564, p05=0.99787, median=1.011, mean=1.0654, std=0.27205, p95=1.2814, max=12.44

Target summary: test (n=39321)
  fCNM: min=0, p05=0, median=0, mean=0.091333, std=0.17123, p95=0.49519, max=0.9707
  RHI : min=0.99566, p05=0.99785, median=1.011, mean=1.0675, std=0.32391, p95=1.2742, max=25.905

Reading only selected subset spectra: 262144 files
Inferred spectrum length: 201 channels
Loaded 1/262144 spectra
Loaded 1000/262144 spectra
Loaded 2000/262144 spectra
Loaded 3000/262144 spectra
Loaded 4000/262144 spectra
Loaded 5000/262144 spectra
Loaded 6000/262144 spectra
Loaded 7000/262144 spectra
Loaded 8000/262144 spectra
Loaded 9000/262144 spectra
Loaded 10000/262144 spectra
Loaded 11000/262144 spectra
Loaded 12000/262144 spectra
Loaded 13000/262144 spectra
Loaded 14000/262144 spectra
Loaded 15000/262144 spectra
Loaded 16000/262144 spectra
Loaded 17000/262144 spectra
Loaded 18000/262144 spectra
Loaded 19000/262144 spectra
Loaded 20000/262144 spectra
Loaded 21000/262144 spectra
Loaded 22000/262144 spectra
Loaded 23000/262144 spectra
Loaded 24000/262144 spectra
Loaded 25000/262144 spectra
Loaded 26000/262144 spectra
Loaded 27000/262144 spectra
Loaded 28000/262144 spectra
Loaded 29000/262144 spectra
Loaded 30000/262144 spectra
Loaded 31000/262144 spectra
Loaded 32000/262144 spectra
Loaded 33000/262144 spectra
Loaded 34000/262144 spectra
Loaded 35000/262144 spectra
Loaded 36000/262144 spectra
Loaded 37000/262144 spectra
Loaded 38000/262144 spectra
Loaded 39000/262144 spectra
Loaded 40000/262144 spectra
Loaded 41000/262144 spectra
Loaded 42000/262144 spectra
Loaded 43000/262144 spectra
Loaded 44000/262144 spectra
Loaded 45000/262144 spectra
Loaded 46000/262144 spectra
Loaded 47000/262144 spectra
Loaded 48000/262144 spectra
Loaded 49000/262144 spectra
Loaded 50000/262144 spectra
Loaded 51000/262144 spectra
Loaded 52000/262144 spectra
Loaded 53000/262144 spectra
Loaded 54000/262144 spectra
Loaded 55000/262144 spectra
Loaded 56000/262144 spectra
Loaded 57000/262144 spectra
Loaded 58000/262144 spectra
Loaded 59000/262144 spectra
Loaded 60000/262144 spectra
Loaded 61000/262144 spectra
Loaded 62000/262144 spectra
Loaded 63000/262144 spectra
Loaded 64000/262144 spectra
Loaded 65000/262144 spectra
Loaded 66000/262144 spectra
Loaded 67000/262144 spectra
Loaded 68000/262144 spectra
Loaded 69000/262144 spectra
Loaded 70000/262144 spectra
Loaded 71000/262144 spectra
Loaded 72000/262144 spectra
Loaded 73000/262144 spectra
Loaded 74000/262144 spectra
Loaded 75000/262144 spectra
Loaded 76000/262144 spectra
Loaded 77000/262144 spectra
Loaded 78000/262144 spectra
Loaded 79000/262144 spectra
Loaded 80000/262144 spectra
Loaded 81000/262144 spectra
Loaded 82000/262144 spectra
Loaded 83000/262144 spectra
Loaded 84000/262144 spectra
Loaded 85000/262144 spectra
Loaded 86000/262144 spectra
Loaded 87000/262144 spectra
Loaded 88000/262144 spectra
Loaded 89000/262144 spectra
Loaded 90000/262144 spectra
Loaded 91000/262144 spectra
Loaded 92000/262144 spectra
Loaded 93000/262144 spectra
Loaded 94000/262144 spectra
Loaded 95000/262144 spectra
Loaded 96000/262144 spectra
Loaded 97000/262144 spectra
Loaded 98000/262144 spectra
Loaded 99000/262144 spectra
Loaded 100000/262144 spectra
Loaded 101000/262144 spectra
Loaded 102000/262144 spectra
Loaded 103000/262144 spectra
Loaded 104000/262144 spectra
Loaded 105000/262144 spectra
Loaded 106000/262144 spectra
Loaded 107000/262144 spectra
Loaded 108000/262144 spectra
Loaded 109000/262144 spectra
Loaded 110000/262144 spectra
Loaded 111000/262144 spectra
Loaded 112000/262144 spectra
Loaded 113000/262144 spectra
Loaded 114000/262144 spectra
Loaded 115000/262144 spectra
Loaded 116000/262144 spectra
Loaded 117000/262144 spectra
Loaded 118000/262144 spectra
Loaded 119000/262144 spectra
Loaded 120000/262144 spectra
Loaded 121000/262144 spectra
Loaded 122000/262144 spectra
Loaded 123000/262144 spectra
Loaded 124000/262144 spectra
Loaded 125000/262144 spectra
Loaded 126000/262144 spectra
Loaded 127000/262144 spectra
Loaded 128000/262144 spectra
Loaded 129000/262144 spectra
Loaded 130000/262144 spectra
Loaded 131000/262144 spectra
Loaded 132000/262144 spectra
Loaded 133000/262144 spectra
Loaded 134000/262144 spectra
Loaded 135000/262144 spectra
Loaded 136000/262144 spectra
Loaded 137000/262144 spectra
Loaded 138000/262144 spectra
