Using device: cuda
Reading targets from: /mnt/c/Users/retar/Desktop/research/ML/data/MW/fcnm_RHI_z.fits
Listing spectra in: /mnt/c/Users/retar/Desktop/research/ML/data/MW/syn_HI_spec_z
Skipped 1 tiny/empty spectra files that are likely incomplete.
Found 262143 spectra files
Mapped spectra filenames to flattened FITS target indices using target shape (512, 512)

Split sizes: train=183500, val=39321, test=39322

Target summary: selected subset (n=262143)
  fCNM: min=0, p05=0, median=0, mean=0.092244, std=0.17233, p95=0.50072, max=0.9707
  RHI : min=0.99561, p05=0.99786, median=1.0111, mean=1.0672, std=0.30218, p95=1.2818, max=38.421

Target summary: train (n=183500)
  fCNM: min=0, p05=0, median=0, mean=0.092812, std=0.17287, p95=0.50261, max=0.94901
  RHI : min=0.99561, p05=0.99787, median=1.0112, mean=1.0674, std=0.30545, p95=1.2831, max=38.421

Target summary: validation (n=39321)
  fCNM: min=0, p05=0, median=0, mean=0.090903, std=0.17148, p95=0.49818, max=0.92244
  RHI : min=0.99564, p05=0.99787, median=1.0109, mean=1.0669, std=0.2871, p95=1.2849, max=12.44

Target summary: test (n=39322)
  fCNM: min=0, p05=0, median=0, mean=0.090932, std=0.17061, p95=0.49489, max=0.9707
  RHI : min=0.99566, p05=0.99785, median=1.0109, mean=1.066, std=0.30156, p95=1.2735, max=25.905

Reading only selected subset spectra: 262143 files
Loaded 1/262143 spectra
Loaded 1000/262143 spectra
Loaded 2000/262143 spectra
Loaded 3000/262143 spectra
Loaded 4000/262143 spectra
Loaded 5000/262143 spectra
Loaded 6000/262143 spectra
Loaded 7000/262143 spectra
Loaded 8000/262143 spectra
Loaded 9000/262143 spectra
Loaded 10000/262143 spectra
Loaded 11000/262143 spectra
Loaded 12000/262143 spectra
Loaded 13000/262143 spectra
Loaded 14000/262143 spectra
Loaded 15000/262143 spectra
Loaded 16000/262143 spectra
Loaded 17000/262143 spectra
Loaded 18000/262143 spectra
Loaded 19000/262143 spectra
Loaded 20000/262143 spectra
Loaded 21000/262143 spectra
Loaded 22000/262143 spectra
Loaded 23000/262143 spectra
Loaded 24000/262143 spectra
Loaded 25000/262143 spectra
Loaded 26000/262143 spectra
Loaded 27000/262143 spectra
Loaded 28000/262143 spectra
Loaded 29000/262143 spectra
Loaded 30000/262143 spectra
Loaded 31000/262143 spectra
Loaded 32000/262143 spectra
Loaded 33000/262143 spectra
Loaded 34000/262143 spectra
Loaded 35000/262143 spectra
Loaded 36000/262143 spectra
Loaded 37000/262143 spectra
Loaded 38000/262143 spectra
Loaded 39000/262143 spectra
Loaded 40000/262143 spectra
Loaded 41000/262143 spectra
Loaded 42000/262143 spectra
Loaded 43000/262143 spectra
Loaded 44000/262143 spectra
Loaded 45000/262143 spectra
Loaded 46000/262143 spectra
Loaded 47000/262143 spectra
Loaded 48000/262143 spectra
Loaded 49000/262143 spectra
Loaded 50000/262143 spectra
Loaded 51000/262143 spectra
Loaded 52000/262143 spectra
Loaded 53000/262143 spectra
Loaded 54000/262143 spectra
Loaded 55000/262143 spectra
Loaded 56000/262143 spectra
Loaded 57000/262143 spectra
Loaded 58000/262143 spectra
Loaded 59000/262143 spectra
Loaded 60000/262143 spectra
Loaded 61000/262143 spectra
Loaded 62000/262143 spectra
Loaded 63000/262143 spectra
Loaded 64000/262143 spectra
Loaded 65000/262143 spectra
Loaded 66000/262143 spectra
Loaded 67000/262143 spectra
Loaded 68000/262143 spectra
Loaded 69000/262143 spectra
Loaded 70000/262143 spectra
Loaded 71000/262143 spectra
Loaded 72000/262143 spectra
Loaded 73000/262143 spectra
Loaded 74000/262143 spectra
Loaded 75000/262143 spectra
Loaded 76000/262143 spectra
Loaded 77000/262143 spectra
Loaded 78000/262143 spectra
Loaded 79000/262143 spectra
Loaded 80000/262143 spectra
Loaded 81000/262143 spectra
Loaded 82000/262143 spectra
Loaded 83000/262143 spectra
Loaded 84000/262143 spectra
Loaded 85000/262143 spectra
Loaded 86000/262143 spectra
Loaded 87000/262143 spectra
Loaded 88000/262143 spectra
Loaded 89000/262143 spectra
Loaded 90000/262143 spectra
Loaded 91000/262143 spectra
Loaded 92000/262143 spectra
Loaded 93000/262143 spectra
Loaded 94000/262143 spectra
Loaded 95000/262143 spectra
Loaded 96000/262143 spectra
Loaded 97000/262143 spectra
Loaded 98000/262143 spectra
Loaded 99000/262143 spectra
Loaded 100000/262143 spectra
Loaded 101000/262143 spectra
Loaded 102000/262143 spectra
Loaded 103000/262143 spectra
Loaded 104000/262143 spectra
Loaded 105000/262143 spectra
Loaded 106000/262143 spectra
Loaded 107000/262143 spectra
Loaded 108000/262143 spectra
Loaded 109000/262143 spectra
Loaded 110000/262143 spectra
Loaded 111000/262143 spectra
Loaded 112000/262143 spectra
Loaded 113000/262143 spectra
Loaded 114000/262143 spectra
Loaded 115000/262143 spectra
Loaded 116000/262143 spectra
Loaded 117000/262143 spectra
Loaded 118000/262143 spectra
Loaded 119000/262143 spectra
Loaded 120000/262143 spectra
Loaded 121000/262143 spectra
Loaded 122000/262143 spectra
Loaded 123000/262143 spectra
Loaded 124000/262143 spectra
Loaded 125000/262143 spectra
Loaded 126000/262143 spectra
Loaded 127000/262143 spectra
Loaded 128000/262143 spectra
Loaded 129000/262143 spectra
Loaded 130000/262143 spectra
Loaded 131000/262143 spectra
Loaded 132000/262143 spectra
Loaded 133000/262143 spectra
Loaded 134000/262143 spectra
Loaded 135000/262143 spectra
Loaded 136000/262143 spectra
Loaded 137000/262143 spectra
Loaded 138000/262143 spectra
Loaded 139000/262143 spectra
Loaded 140000/262143 spectra
Loaded 141000/262143 spectra
Loaded 142000/262143 spectra
Loaded 143000/262143 spectra
Loaded 144000/262143 spectra
Loaded 145000/262143 spectra
Loaded 146000/262143 spectra
Loaded 147000/262143 spectra
Loaded 148000/262143 spectra
Loaded 149000/262143 spectra
Loaded 150000/262143 spectra
Loaded 151000/262143 spectra
Loaded 152000/262143 spectra
Loaded 153000/262143 spectra
Loaded 154000/262143 spectra
Loaded 155000/262143 spectra
Loaded 156000/262143 spectra
Loaded 157000/262143 spectra
Loaded 158000/262143 spectra
Loaded 159000/262143 spectra
Loaded 160000/262143 spectra
Loaded 161000/262143 spectra
Loaded 162000/262143 spectra
Loaded 163000/262143 spectra
Loaded 164000/262143 spectra
Loaded 165000/262143 spectra
Loaded 166000/262143 spectra
Loaded 167000/262143 spectra
Loaded 168000/262143 spectra
Loaded 169000/262143 spectra
Loaded 170000/262143 spectra
Loaded 171000/262143 spectra
Loaded 172000/262143 spectra
Loaded 173000/262143 spectra
Loaded 174000/262143 spectra
Loaded 175000/262143 spectra
Loaded 176000/262143 spectra
Loaded 177000/262143 spectra
Loaded 178000/262143 spectra
Loaded 179000/262143 spectra
Loaded 180000/262143 spectra
Loaded 181000/262143 spectra
Loaded 182000/262143 spectra
Loaded 183000/262143 spectra
Loaded 184000/262143 spectra
Loaded 185000/262143 spectra
Loaded 186000/262143 spectra
Loaded 187000/262143 spectra
Loaded 188000/262143 spectra
Loaded 189000/262143 spectra
Loaded 190000/262143 spectra
Loaded 191000/262143 spectra
Loaded 192000/262143 spectra
Loaded 193000/262143 spectra
Loaded 194000/262143 spectra
Loaded 195000/262143 spectra
Loaded 196000/262143 spectra
Loaded 197000/262143 spectra
Loaded 198000/262143 spectra
Loaded 199000/262143 spectra
Loaded 200000/262143 spectra
Loaded 201000/262143 spectra
Loaded 202000/262143 spectra
Loaded 203000/262143 spectra
Loaded 204000/262143 spectra
Loaded 205000/262143 spectra
Loaded 206000/262143 spectra
Loaded 207000/262143 spectra
Loaded 208000/262143 spectra
Loaded 209000/262143 spectra
Loaded 210000/262143 spectra
Loaded 211000/262143 spectra
Loaded 212000/262143 spectra
Loaded 213000/262143 spectra
Loaded 214000/262143 spectra
Loaded 215000/262143 spectra
Loaded 216000/262143 spectra
Loaded 217000/262143 spectra
Loaded 218000/262143 spectra
Loaded 219000/262143 spectra
Loaded 220000/262143 spectra
Loaded 221000/262143 spectra
Loaded 222000/262143 spectra
Loaded 223000/262143 spectra
Loaded 224000/262143 spectra
Loaded 225000/262143 spectra
Loaded 226000/262143 spectra
Loaded 227000/262143 spectra
Loaded 228000/262143 spectra
Loaded 229000/262143 spectra
Loaded 230000/262143 spectra
Loaded 231000/262143 spectra
Loaded 232000/262143 spectra
Loaded 233000/262143 spectra
Loaded 234000/262143 spectra
Loaded 235000/262143 spectra
Loaded 236000/262143 spectra
Loaded 237000/262143 spectra
Loaded 238000/262143 spectra
Loaded 239000/262143 spectra
Loaded 240000/262143 spectra
Loaded 241000/262143 spectra
Loaded 242000/262143 spectra
Loaded 243000/262143 spectra
Loaded 244000/262143 spectra
Loaded 245000/262143 spectra
Loaded 246000/262143 spectra
Loaded 247000/262143 spectra
Loaded 248000/262143 spectra
Loaded 249000/262143 spectra
Loaded 250000/262143 spectra
Loaded 251000/262143 spectra
Loaded 252000/262143 spectra
Loaded 253000/262143 spectra
Loaded 254000/262143 spectra
Loaded 255000/262143 spectra
Loaded 256000/262143 spectra
Loaded 257000/262143 spectra
Loaded 258000/262143 spectra
Loaded 259000/262143 spectra
Loaded 260000/262143 spectra
Loaded 261000/262143 spectra
Loaded 262000/262143 spectra
Loaded 262143/262143 spectra
Selected TB loaded: (262143, 201)
RHI target transform: log(RHI) for training, exp() for evaluation
Input normalization: ON, fitted per velocity channel on train split
Target normalization: ON, fitted on train split (mean fCNM/RHI=[0.09281223 0.05008547], std=[0.17287366 0.14507428])
RHI tail loss weighting: OFF
Using imbalance sampler with 24 occupied joint bins out of 100; min/max bin counts=1/133173
TPCNetInspiredCNN(
  (backbone): Sequential(
    (0): Conv1d(1, 64, kernel_size=(7,), stride=(1,), padding=(3,), bias=False)
    (1): BatchNorm1d(64, eps=1e-05, momentum=0.1, affine=True, track_running_stats=True)
    (2): ReLU(inplace=True)
    (3): Conv1d(64, 56, kernel_size=(33,), stride=(1,), padding=(16,), bias=False)
    (4): BatchNorm1d(56, eps=1e-05, momentum=0.1, affine=True, track_running_stats=True)
    (5): ReLU(inplace=True)
    (6): Conv1d(56, 48, kernel_size=(7,), stride=(1,), padding=(3,), bias=False)
    (7): BatchNorm1d(48, eps=1e-05, momentum=0.1, affine=True, track_running_stats=True)
    (8): ReLU(inplace=True)
    (9): Conv1d(48, 40, kernel_size=(33,), stride=(1,), padding=(16,), bias=False)
    (10): BatchNorm1d(40, eps=1e-05, momentum=0.1, affine=True, track_running_stats=True)
    (11): ReLU(inplace=True)
    (12): Conv1d(40, 32, kernel_size=(7,), stride=(1,), padding=(3,), bias=False)
    (13): BatchNorm1d(32, eps=1e-05, momentum=0.1, affine=True, track_running_stats=True)
    (14): ReLU(inplace=True)
    (15): Conv1d(32, 24, kernel_size=(33,), stride=(1,), padding=(16,), bias=False)
    (16): BatchNorm1d(24, eps=1e-05, momentum=0.1, affine=True, track_running_stats=True)
    (17): ReLU(inplace=True)
    (18): Conv1d(24, 16, kernel_size=(7,), stride=(1,), padding=(3,), bias=False)
    (19): BatchNorm1d(16, eps=1e-05, momentum=0.1, affine=True, track_running_stats=True)
    (20): ReLU(inplace=True)
    (21): Conv1d(16, 8, kernel_size=(33,), stride=(1,), padding=(16,), bias=False)
    (22): BatchNorm1d(8, eps=1e-05, momentum=0.1, affine=True, track_running_stats=True)
    (23): ReLU(inplace=True)
  )
  (head): Linear(in_features=1608, out_features=2, bias=True)
)
Epoch 001 | train_loss=2.44468 | val_loss=0.959699 | val_RMSE_fCNM=0.11022 | val_RMSE_RHI=0.30048 | lr=0.001
Epoch 002 | train_loss=0.626738 | val_loss=1.01212 | val_RMSE_fCNM=0.112759 | val_RMSE_RHI=0.315563 | lr=0.001
Epoch 003 | train_loss=0.449321 | val_loss=0.494442 | val_RMSE_fCNM=0.0814445 | val_RMSE_RHI=0.223717 | lr=0.001
Epoch 004 | train_loss=0.395052 | val_loss=0.373005 | val_RMSE_fCNM=0.0733921 | val_RMSE_RHI=0.200393 | lr=0.001
Epoch 005 | train_loss=0.323921 | val_loss=0.326703 | val_RMSE_fCNM=0.0654413 | val_RMSE_RHI=0.198084 | lr=0.001
Epoch 006 | train_loss=0.282443 | val_loss=0.295037 | val_RMSE_fCNM=0.0740267 | val_RMSE_RHI=0.182047 | lr=0.001
Epoch 007 | train_loss=0.252669 | val_loss=0.276903 | val_RMSE_fCNM=0.0667559 | val_RMSE_RHI=0.183605 | lr=0.001
Epoch 008 | train_loss=0.233842 | val_loss=0.28264 | val_RMSE_fCNM=0.0666466 | val_RMSE_RHI=0.184459 | lr=0.001
Epoch 009 | train_loss=0.222625 | val_loss=0.205835 | val_RMSE_fCNM=0.0562434 | val_RMSE_RHI=0.174765 | lr=0.001
Epoch 010 | train_loss=0.200903 | val_loss=0.198478 | val_RMSE_fCNM=0.052238 | val_RMSE_RHI=0.175209 | lr=0.001
Epoch 011 | train_loss=0.179525 | val_loss=0.237456 | val_RMSE_fCNM=0.0672136 | val_RMSE_RHI=0.176289 | lr=0.001
Epoch 012 | train_loss=0.168361 | val_loss=0.34917 | val_RMSE_fCNM=0.0716047 | val_RMSE_RHI=0.204238 | lr=0.001
Epoch 013 | train_loss=0.152075 | val_loss=0.18053 | val_RMSE_fCNM=0.0559987 | val_RMSE_RHI=0.168366 | lr=0.001
Epoch 014 | train_loss=0.145394 | val_loss=0.403542 | val_RMSE_fCNM=0.0712391 | val_RMSE_RHI=0.231223 | lr=0.001
Epoch 015 | train_loss=0.140425 | val_loss=0.154855 | val_RMSE_fCNM=0.0467089 | val_RMSE_RHI=0.171065 | lr=0.001
Epoch 016 | train_loss=0.132396 | val_loss=0.1758 | val_RMSE_fCNM=0.0552403 | val_RMSE_RHI=0.166949 | lr=0.001
Epoch 017 | train_loss=0.126438 | val_loss=0.147446 | val_RMSE_fCNM=0.0475049 | val_RMSE_RHI=0.169033 | lr=0.001
Epoch 018 | train_loss=0.116763 | val_loss=0.146258 | val_RMSE_fCNM=0.0468632 | val_RMSE_RHI=0.16854 | lr=0.001
Epoch 019 | train_loss=0.103875 | val_loss=0.146819 | val_RMSE_fCNM=0.0493874 | val_RMSE_RHI=0.172551 | lr=0.001
Epoch 020 | train_loss=0.097196 | val_loss=0.142998 | val_RMSE_fCNM=0.0473079 | val_RMSE_RHI=0.162613 | lr=0.001
Epoch 021 | train_loss=0.108877 | val_loss=0.221343 | val_RMSE_fCNM=0.0570947 | val_RMSE_RHI=0.17999 | lr=0.001
Epoch 022 | train_loss=0.10298 | val_loss=0.136839 | val_RMSE_fCNM=0.0461667 | val_RMSE_RHI=0.166502 | lr=0.001
Epoch 023 | train_loss=0.0830666 | val_loss=0.130064 | val_RMSE_fCNM=0.0477714 | val_RMSE_RHI=0.165664 | lr=0.001
Epoch 024 | train_loss=0.0839691 | val_loss=0.130445 | val_RMSE_fCNM=0.0464443 | val_RMSE_RHI=0.165044 | lr=0.001
Epoch 025 | train_loss=0.0809394 | val_loss=0.145807 | val_RMSE_fCNM=0.0501463 | val_RMSE_RHI=0.16487 | lr=0.001
Epoch 026 | train_loss=0.0813739 | val_loss=0.12187 | val_RMSE_fCNM=0.0423909 | val_RMSE_RHI=0.166481 | lr=0.001
Epoch 027 | train_loss=0.0761897 | val_loss=0.129345 | val_RMSE_fCNM=0.0455094 | val_RMSE_RHI=0.165709 | lr=0.001
Epoch 028 | train_loss=0.0721845 | val_loss=0.125741 | val_RMSE_fCNM=0.0452676 | val_RMSE_RHI=0.160739 | lr=0.001
Epoch 029 | train_loss=0.0727714 | val_loss=0.130798 | val_RMSE_fCNM=0.0452048 | val_RMSE_RHI=0.164788 | lr=0.001
Epoch 030 | train_loss=0.0703048 | val_loss=0.126335 | val_RMSE_fCNM=0.0449518 | val_RMSE_RHI=0.165084 | lr=0.001
Epoch 031 | train_loss=0.0673996 | val_loss=0.121134 | val_RMSE_fCNM=0.0415362 | val_RMSE_RHI=0.162936 | lr=0.001
Epoch 032 | train_loss=0.066163 | val_loss=0.124599 | val_RMSE_fCNM=0.0462999 | val_RMSE_RHI=0.161162 | lr=0.001
Epoch 033 | train_loss=0.06275 | val_loss=0.116713 | val_RMSE_fCNM=0.0416513 | val_RMSE_RHI=0.16482 | lr=0.001
Epoch 034 | train_loss=0.0593006 | val_loss=0.112787 | val_RMSE_fCNM=0.0407968 | val_RMSE_RHI=0.165224 | lr=0.001
Epoch 035 | train_loss=0.0627387 | val_loss=0.123036 | val_RMSE_fCNM=0.0446456 | val_RMSE_RHI=0.16705 | lr=0.001
Epoch 036 | train_loss=0.0572419 | val_loss=0.117646 | val_RMSE_fCNM=0.0428362 | val_RMSE_RHI=0.160554 | lr=0.001
Epoch 037 | train_loss=0.057844 | val_loss=0.115514 | val_RMSE_fCNM=0.0405325 | val_RMSE_RHI=0.162252 | lr=0.001
Epoch 038 | train_loss=0.0583613 | val_loss=0.113924 | val_RMSE_fCNM=0.0401658 | val_RMSE_RHI=0.163062 | lr=0.001
Epoch 039 | train_loss=0.0539236 | val_loss=0.115898 | val_RMSE_fCNM=0.0449151 | val_RMSE_RHI=0.163418 | lr=0.001
Epoch 040 | train_loss=0.051932 | val_loss=0.109244 | val_RMSE_fCNM=0.0401026 | val_RMSE_RHI=0.161772 | lr=0.001
Epoch 041 | train_loss=0.0507251 | val_loss=0.108777 | val_RMSE_fCNM=0.0402244 | val_RMSE_RHI=0.164546 | lr=0.001
Epoch 042 | train_loss=0.0502429 | val_loss=0.112131 | val_RMSE_fCNM=0.042681 | val_RMSE_RHI=0.164196 | lr=0.001
Epoch 043 | train_loss=0.0493499 | val_loss=0.107495 | val_RMSE_fCNM=0.0394112 | val_RMSE_RHI=0.16139 | lr=0.001
Epoch 044 | train_loss=0.0501611 | val_loss=0.10765 | val_RMSE_fCNM=0.0409497 | val_RMSE_RHI=0.163559 | lr=0.001
Epoch 045 | train_loss=0.0501981 | val_loss=0.10492 | val_RMSE_fCNM=0.038797 | val_RMSE_RHI=0.163373 | lr=0.001
Epoch 046 | train_loss=0.0466218 | val_loss=0.111541 | val_RMSE_fCNM=0.0392105 | val_RMSE_RHI=0.16667 | lr=0.001
Epoch 047 | train_loss=0.0466898 | val_loss=0.108016 | val_RMSE_fCNM=0.0384192 | val_RMSE_RHI=0.166225 | lr=0.001
Epoch 048 | train_loss=0.0457364 | val_loss=0.112363 | val_RMSE_fCNM=0.0423751 | val_RMSE_RHI=0.164147 | lr=0.001
Epoch 049 | train_loss=0.0463589 | val_loss=0.109845 | val_RMSE_fCNM=0.0416504 | val_RMSE_RHI=0.164407 | lr=0.001
Epoch 050 | train_loss=0.0397223 | val_loss=0.10871 | val_RMSE_fCNM=0.0422356 | val_RMSE_RHI=0.162899 | lr=0.001
Epoch 051 | train_loss=0.043781 | val_loss=0.111423 | val_RMSE_fCNM=0.040266 | val_RMSE_RHI=0.163951 | lr=0.0005
Epoch 052 | train_loss=0.02784 | val_loss=0.100093 | val_RMSE_fCNM=0.0377338 | val_RMSE_RHI=0.165249 | lr=0.0005
Epoch 053 | train_loss=0.0273166 | val_loss=0.101215 | val_RMSE_fCNM=0.0384823 | val_RMSE_RHI=0.162286 | lr=0.0005
Epoch 054 | train_loss=0.0272906 | val_loss=0.101352 | val_RMSE_fCNM=0.0378376 | val_RMSE_RHI=0.164868 | lr=0.0005
Epoch 055 | train_loss=0.0260997 | val_loss=0.0970481 | val_RMSE_fCNM=0.0361177 | val_RMSE_RHI=0.164172 | lr=0.0005
Epoch 056 | train_loss=0.0268431 | val_loss=0.0973667 | val_RMSE_fCNM=0.0375543 | val_RMSE_RHI=0.16419 | lr=0.0005
Epoch 057 | train_loss=0.0272303 | val_loss=0.0987589 | val_RMSE_fCNM=0.0377466 | val_RMSE_RHI=0.163864 | lr=0.0005
Epoch 058 | train_loss=0.0255275 | val_loss=0.0988594 | val_RMSE_fCNM=0.0369215 | val_RMSE_RHI=0.165505 | lr=0.0005
Epoch 059 | train_loss=0.0249211 | val_loss=0.0998209 | val_RMSE_fCNM=0.037554 | val_RMSE_RHI=0.165358 | lr=0.0005
Epoch 060 | train_loss=0.0252496 | val_loss=0.096753 | val_RMSE_fCNM=0.0363686 | val_RMSE_RHI=0.16479 | lr=0.0005
Epoch 061 | train_loss=0.0259142 | val_loss=0.0974316 | val_RMSE_fCNM=0.0372867 | val_RMSE_RHI=0.164527 | lr=0.0005
Epoch 062 | train_loss=0.0263236 | val_loss=0.09734 | val_RMSE_fCNM=0.0369515 | val_RMSE_RHI=0.164693 | lr=0.0005
Epoch 063 | train_loss=0.0270275 | val_loss=0.0990716 | val_RMSE_fCNM=0.03791 | val_RMSE_RHI=0.161533 | lr=0.0005
Epoch 064 | train_loss=0.0246196 | val_loss=0.0968104 | val_RMSE_fCNM=0.0360289 | val_RMSE_RHI=0.164992 | lr=0.0005
Epoch 065 | train_loss=0.024276 | val_loss=0.0960098 | val_RMSE_fCNM=0.0366129 | val_RMSE_RHI=0.163282 | lr=0.0005
Epoch 066 | train_loss=0.0230128 | val_loss=0.0974697 | val_RMSE_fCNM=0.0361707 | val_RMSE_RHI=0.164174 | lr=0.0005
Epoch 067 | train_loss=0.0235857 | val_loss=0.0958689 | val_RMSE_fCNM=0.0354343 | val_RMSE_RHI=0.166351 | lr=0.0005
Epoch 068 | train_loss=0.024224 | val_loss=0.0970512 | val_RMSE_fCNM=0.0364125 | val_RMSE_RHI=0.165189 | lr=0.0005
Epoch 069 | train_loss=0.023742 | val_loss=0.0982498 | val_RMSE_fCNM=0.0373424 | val_RMSE_RHI=0.165225 | lr=0.0005
Epoch 070 | train_loss=0.0226655 | val_loss=0.0988472 | val_RMSE_fCNM=0.0382417 | val_RMSE_RHI=0.163262 | lr=0.0005
Epoch 071 | train_loss=0.0222421 | val_loss=0.0979033 | val_RMSE_fCNM=0.0362915 | val_RMSE_RHI=0.165134 | lr=0.0005
Epoch 072 | train_loss=0.0242285 | val_loss=0.100172 | val_RMSE_fCNM=0.0392447 | val_RMSE_RHI=0.166515 | lr=0.0005
Epoch 073 | train_loss=0.0241875 | val_loss=0.0991663 | val_RMSE_fCNM=0.0372282 | val_RMSE_RHI=0.163948 | lr=0.00025
Epoch 074 | train_loss=0.017871 | val_loss=0.0949203 | val_RMSE_fCNM=0.0354541 | val_RMSE_RHI=0.164049 | lr=0.00025
Epoch 075 | train_loss=0.0172468 | val_loss=0.0942997 | val_RMSE_fCNM=0.0347897 | val_RMSE_RHI=0.164884 | lr=0.00025
Epoch 076 | train_loss=0.0174967 | val_loss=0.0941553 | val_RMSE_fCNM=0.0356177 | val_RMSE_RHI=0.164124 | lr=0.00025
Epoch 077 | train_loss=0.0170845 | val_loss=0.0950402 | val_RMSE_fCNM=0.0352988 | val_RMSE_RHI=0.165112 | lr=0.00025
Epoch 078 | train_loss=0.01763 | val_loss=0.0940295 | val_RMSE_fCNM=0.0352435 | val_RMSE_RHI=0.164614 | lr=0.00025
Epoch 079 | train_loss=0.0173315 | val_loss=0.0949024 | val_RMSE_fCNM=0.0353433 | val_RMSE_RHI=0.165278 | lr=0.00025
Epoch 080 | train_loss=0.0173427 | val_loss=0.0935623 | val_RMSE_fCNM=0.034952 | val_RMSE_RHI=0.165018 | lr=0.00025
Epoch 081 | train_loss=0.0168579 | val_loss=0.0937568 | val_RMSE_fCNM=0.0347652 | val_RMSE_RHI=0.166074 | lr=0.00025
Epoch 082 | train_loss=0.017261 | val_loss=0.0935034 | val_RMSE_fCNM=0.0352607 | val_RMSE_RHI=0.164168 | lr=0.00025
Epoch 083 | train_loss=0.016438 | val_loss=0.0948539 | val_RMSE_fCNM=0.0356355 | val_RMSE_RHI=0.165728 | lr=0.00025
Epoch 084 | train_loss=0.0166319 | val_loss=0.0943678 | val_RMSE_fCNM=0.0351191 | val_RMSE_RHI=0.165119 | lr=0.00025
Epoch 085 | train_loss=0.016803 | val_loss=0.0948265 | val_RMSE_fCNM=0.0356518 | val_RMSE_RHI=0.164607 | lr=0.00025
Epoch 086 | train_loss=0.016719 | val_loss=0.0937708 | val_RMSE_fCNM=0.0348217 | val_RMSE_RHI=0.165639 | lr=0.00025
Epoch 087 | train_loss=0.0159463 | val_loss=0.0952989 | val_RMSE_fCNM=0.0358007 | val_RMSE_RHI=0.165241 | lr=0.00025
Epoch 088 | train_loss=0.0166365 | val_loss=0.0959413 | val_RMSE_fCNM=0.0352593 | val_RMSE_RHI=0.166698 | lr=0.000125
Epoch 089 | train_loss=0.0144559 | val_loss=0.0944911 | val_RMSE_fCNM=0.0350941 | val_RMSE_RHI=0.165414 | lr=0.000125
Epoch 090 | train_loss=0.0138832 | val_loss=0.0934162 | val_RMSE_fCNM=0.0349475 | val_RMSE_RHI=0.164578 | lr=0.000125
Epoch 091 | train_loss=0.0141777 | val_loss=0.0937995 | val_RMSE_fCNM=0.0349384 | val_RMSE_RHI=0.165696 | lr=0.000125
Epoch 092 | train_loss=0.0139182 | val_loss=0.0927873 | val_RMSE_fCNM=0.0346469 | val_RMSE_RHI=0.164682 | lr=0.000125
Epoch 093 | train_loss=0.014181 | val_loss=0.0941863 | val_RMSE_fCNM=0.0354355 | val_RMSE_RHI=0.165635 | lr=0.000125
Epoch 094 | train_loss=0.0136063 | val_loss=0.0933721 | val_RMSE_fCNM=0.0350694 | val_RMSE_RHI=0.165168 | lr=0.000125
Epoch 095 | train_loss=0.0136295 | val_loss=0.0939593 | val_RMSE_fCNM=0.0352308 | val_RMSE_RHI=0.165405 | lr=0.000125
Epoch 096 | train_loss=0.0137196 | val_loss=0.0928249 | val_RMSE_fCNM=0.0344822 | val_RMSE_RHI=0.164691 | lr=0.000125
Epoch 097 | train_loss=0.0138448 | val_loss=0.0936332 | val_RMSE_fCNM=0.035053 | val_RMSE_RHI=0.165221 | lr=0.000125
Epoch 098 | train_loss=0.0137445 | val_loss=0.093768 | val_RMSE_fCNM=0.0348041 | val_RMSE_RHI=0.165581 | lr=6.25e-05
Epoch 099 | train_loss=0.0129321 | val_loss=0.0935333 | val_RMSE_fCNM=0.0351218 | val_RMSE_RHI=0.165554 | lr=6.25e-05
Epoch 100 | train_loss=0.0131037 | val_loss=0.0939531 | val_RMSE_fCNM=0.0346792 | val_RMSE_RHI=0.166255 | lr=6.25e-05

Test RMSE fCNM: 0.0344911
Test RMSE RHI : 0.154956
Test MAE  fCNM: 0.0205507
Test MAE  RHI : 0.0273319

Prediction diagnostics
  fCNM truth: min=0, max=0.970701, mean=0.0909316
  fCNM pred : min=-0.0689493, max=0.92886, mean=0.094022
  RHI truth: min=0.995655, max=25.905, mean=1.06599
  RHI pred : min=0.886615, max=20.1196, mean=1.06295

Summary
  device: cuda
  subset size: 262143
  train/val/test: 183500/39321/39322
  best validation loss: 0.0927873
  final test RMSE fCNM: 0.0344911
  final test RMSE RHI : 0.154956
  sampled indices CSV: /mnt/c/Users/retar/Desktop/research/ML/ML_MW/results/sampled_indices.csv
  split indices CSV: /mnt/c/Users/retar/Desktop/research/ML/ML_MW/results/split_indices.csv
  training metrics CSV: /mnt/c/Users/retar/Desktop/research/ML/ML_MW/results/training_metrics.csv
  prediction CSV: /mnt/c/Users/retar/Desktop/research/ML/ML_MW/results/test_predictions.csv
  figures:
    /mnt/c/Users/retar/Desktop/research/ML/ML_MW/figs/true_vs_pred_fcnm.png
    /mnt/c/Users/retar/Desktop/research/ML/ML_MW/figs/true_vs_pred_rhi.png
    /mnt/c/Users/retar/Desktop/research/ML/ML_MW/figs/true_vs_pred_combined.png
    /mnt/c/Users/retar/Desktop/research/ML/ML_MW/figs/true_vs_pred_rhi_log.png
