Using device: cpu
Reading targets from: /mnt/c/Users/retar/Desktop/research/ML/data/MW/fcnm_RHI_z.fits
Listing spectra in: /mnt/c/Users/retar/Desktop/research/ML/data/MW/syn_HI_spec_z
Found 134861 spectra files
Mapped spectra filenames to flattened FITS target indices using target shape (512, 512)

Split sizes: train=14000, val=3000, test=3000

Target summary: selected subset (n=20000)
  fCNM: min=0, p05=0, median=0, mean=0.08357, std=0.15789, p95=0.4495, max=0.88974
  RHI : min=0.99561, p05=0.99775, median=1.0082, mean=1.0497, std=0.19557, p95=1.2013, max=6.0942

Target summary: train (n=14000)
  fCNM: min=0, p05=0, median=0, mean=0.082737, std=0.15722, p95=0.4467, max=0.88974
  RHI : min=0.99578, p05=0.99776, median=1.0081, mean=1.05, std=0.201, p95=1.1957, max=6.0942

Target summary: validation (n=3000)
  fCNM: min=0, p05=0, median=0, mean=0.08568, std=0.15847, p95=0.44709, max=0.8714
  RHI : min=0.99561, p05=0.99783, median=1.0085, mean=1.0462, std=0.16916, p95=1.1923, max=4.4337

Target summary: test (n=3000)
  fCNM: min=0, p05=0, median=0, mean=0.085349, std=0.16034, p95=0.47062, max=0.86635
  RHI : min=0.99583, p05=0.99765, median=1.0081, mean=1.0517, std=0.19446, p95=1.2315, max=5.3025

Reading only selected subset spectra: 20000 files
Loaded 1/20000 spectra
Loaded 1000/20000 spectra
Loaded 2000/20000 spectra
Loaded 3000/20000 spectra
Loaded 4000/20000 spectra
Loaded 5000/20000 spectra
Loaded 6000/20000 spectra
Loaded 7000/20000 spectra
Loaded 8000/20000 spectra
Loaded 9000/20000 spectra
Loaded 10000/20000 spectra
Loaded 11000/20000 spectra
Loaded 12000/20000 spectra
Loaded 13000/20000 spectra
Loaded 14000/20000 spectra
Loaded 15000/20000 spectra
Loaded 16000/20000 spectra
Loaded 17000/20000 spectra
Loaded 18000/20000 spectra
Loaded 19000/20000 spectra
Loaded 20000/20000 spectra
Selected TB loaded: (20000, 201)
Input normalization: ON, fitted per velocity channel on train split
Target normalization: ON, fitted on train split (mean fCNM/RHI=[0.08273694 1.0499808 ], std=[0.15722205 0.20100471])
Using imbalance sampler with 32 occupied joint bins out of 100; min/max bin counts=1/10230
TPCNetInspiredCNN(
  (backbone): Sequential(
    (0): Conv1d(1, 64, kernel_size=(7,), stride=(1,), padding=(3,), bias=False)
    (1): BatchNorm1d(64, eps=1e-05, momentum=0.1, affine=True, track_running_stats=True)
    (2): ReLU(inplace=True)
    (3): Conv1d(64, 56, kernel_size=(33,), stride=(1,), padding=(16,), bias=False)
    (4): BatchNorm1d(56, eps=1e-05, momentum=0.1, affine=True, track_running_stats=True)
    (5): ReLU(inplace=True)
    (6): Conv1d(56, 48, kernel_size=(7,), stride=(1,), padding=(3,), bias=False)
    (7): BatchNorm1d(48, eps=1e-05, momentum=0.1, affine=True, track_running_stats=True)
    (8): ReLU(inplace=True)
    (9): Conv1d(48, 40, kernel_size=(33,), stride=(1,), padding=(16,), bias=False)
    (10): BatchNorm1d(40, eps=1e-05, momentum=0.1, affine=True, track_running_stats=True)
    (11): ReLU(inplace=True)
    (12): Conv1d(40, 32, kernel_size=(7,), stride=(1,), padding=(3,), bias=False)
    (13): BatchNorm1d(32, eps=1e-05, momentum=0.1, affine=True, track_running_stats=True)
    (14): ReLU(inplace=True)
    (15): Conv1d(32, 24, kernel_size=(33,), stride=(1,), padding=(16,), bias=False)
    (16): BatchNorm1d(24, eps=1e-05, momentum=0.1, affine=True, track_running_stats=True)
    (17): ReLU(inplace=True)
    (18): Conv1d(24, 16, kernel_size=(7,), stride=(1,), padding=(3,), bias=False)
    (19): BatchNorm1d(16, eps=1e-05, momentum=0.1, affine=True, track_running_stats=True)
    (20): ReLU(inplace=True)
    (21): Conv1d(16, 8, kernel_size=(33,), stride=(1,), padding=(16,), bias=False)
    (22): BatchNorm1d(8, eps=1e-05, momentum=0.1, affine=True, track_running_stats=True)
    (23): ReLU(inplace=True)
  )
  (head): Linear(in_features=1608, out_features=2, bias=True)
)
Epoch 001 | train_loss=7.59154 | val_loss=3.08664 | val_RMSE_fCNM=0.199804 | val_RMSE_RHI=0.429146 | lr=0.001
Epoch 002 | train_loss=1.995 | val_loss=1.75011 | val_RMSE_fCNM=0.161628 | val_RMSE_RHI=0.314197 | lr=0.001
Epoch 003 | train_loss=1.22698 | val_loss=1.08547 | val_RMSE_fCNM=0.13348 | val_RMSE_RHI=0.242055 | lr=0.001
Epoch 004 | train_loss=0.869902 | val_loss=0.888974 | val_RMSE_fCNM=0.115656 | val_RMSE_RHI=0.223541 | lr=0.001
Epoch 005 | train_loss=0.751527 | val_loss=1.14769 | val_RMSE_fCNM=0.125852 | val_RMSE_RHI=0.258556 | lr=0.001
Epoch 006 | train_loss=0.562488 | val_loss=0.771681 | val_RMSE_fCNM=0.100952 | val_RMSE_RHI=0.213772 | lr=0.001
Epoch 007 | train_loss=0.422352 | val_loss=0.517465 | val_RMSE_fCNM=0.0884532 | val_RMSE_RHI=0.17037 | lr=0.001
Epoch 008 | train_loss=0.407347 | val_loss=0.507823 | val_RMSE_fCNM=0.0910115 | val_RMSE_RHI=0.16582 | lr=0.001
Epoch 009 | train_loss=0.421247 | val_loss=0.495731 | val_RMSE_fCNM=0.0942847 | val_RMSE_RHI=0.159774 | lr=0.001
Epoch 010 | train_loss=0.417687 | val_loss=0.543983 | val_RMSE_fCNM=0.0910225 | val_RMSE_RHI=0.174399 | lr=0.001
Epoch 011 | train_loss=0.454656 | val_loss=0.482199 | val_RMSE_fCNM=0.0934488 | val_RMSE_RHI=0.157133 | lr=0.001
Epoch 012 | train_loss=0.31682 | val_loss=0.460597 | val_RMSE_fCNM=0.0849658 | val_RMSE_RHI=0.159434 | lr=0.001
Epoch 013 | train_loss=0.261212 | val_loss=0.418409 | val_RMSE_fCNM=0.0794541 | val_RMSE_RHI=0.153269 | lr=0.001
Epoch 014 | train_loss=0.218804 | val_loss=0.420748 | val_RMSE_fCNM=0.0766722 | val_RMSE_RHI=0.156174 | lr=0.001
Epoch 015 | train_loss=0.212504 | val_loss=0.309061 | val_RMSE_fCNM=0.0748631 | val_RMSE_RHI=0.125751 | lr=0.001
Epoch 016 | train_loss=0.178182 | val_loss=0.324825 | val_RMSE_fCNM=0.0698026 | val_RMSE_RHI=0.135218 | lr=0.001
Epoch 017 | train_loss=0.273218 | val_loss=0.323331 | val_RMSE_fCNM=0.0770218 | val_RMSE_RHI=0.128182 | lr=0.001
Epoch 018 | train_loss=0.223331 | val_loss=0.36074 | val_RMSE_fCNM=0.0750015 | val_RMSE_RHI=0.141264 | lr=0.001
Epoch 019 | train_loss=0.172204 | val_loss=0.402818 | val_RMSE_fCNM=0.0790198 | val_RMSE_RHI=0.149479 | lr=0.001
Epoch 020 | train_loss=0.137175 | val_loss=0.317318 | val_RMSE_fCNM=0.0731158 | val_RMSE_RHI=0.130012 | lr=0.001
Epoch 021 | train_loss=0.214697 | val_loss=0.308872 | val_RMSE_fCNM=0.0702083 | val_RMSE_RHI=0.130007 | lr=0.001
Epoch 022 | train_loss=0.134817 | val_loss=0.264872 | val_RMSE_fCNM=0.0672907 | val_RMSE_RHI=0.11833 | lr=0.001
Epoch 023 | train_loss=0.173822 | val_loss=0.280139 | val_RMSE_fCNM=0.0711164 | val_RMSE_RHI=0.119876 | lr=0.001
Epoch 024 | train_loss=0.166201 | val_loss=0.270248 | val_RMSE_fCNM=0.0674769 | val_RMSE_RHI=0.119981 | lr=0.001
Epoch 025 | train_loss=0.186941 | val_loss=0.449944 | val_RMSE_fCNM=0.0799063 | val_RMSE_RHI=0.161002 | lr=0.001
Epoch 026 | train_loss=0.180781 | val_loss=0.266095 | val_RMSE_fCNM=0.0683094 | val_RMSE_RHI=0.117793 | lr=0.001
Epoch 027 | train_loss=0.187886 | val_loss=0.291085 | val_RMSE_fCNM=0.0688701 | val_RMSE_RHI=0.125574 | lr=0.001
Epoch 028 | train_loss=0.110932 | val_loss=0.234965 | val_RMSE_fCNM=0.0626651 | val_RMSE_RHI=0.112107 | lr=0.001
Epoch 029 | train_loss=0.107588 | val_loss=0.29147 | val_RMSE_fCNM=0.0654849 | val_RMSE_RHI=0.128621 | lr=0.001
Epoch 030 | train_loss=0.107534 | val_loss=0.22351 | val_RMSE_fCNM=0.0596596 | val_RMSE_RHI=0.110649 | lr=0.001
Epoch 031 | train_loss=0.0884661 | val_loss=0.256423 | val_RMSE_fCNM=0.0664968 | val_RMSE_RHI=0.116159 | lr=0.001
Epoch 032 | train_loss=0.134386 | val_loss=0.23896 | val_RMSE_fCNM=0.0652464 | val_RMSE_RHI=0.111136 | lr=0.001
Epoch 033 | train_loss=0.151352 | val_loss=0.274107 | val_RMSE_fCNM=0.0658469 | val_RMSE_RHI=0.12273 | lr=0.001
Epoch 034 | train_loss=0.159962 | val_loss=0.296148 | val_RMSE_fCNM=0.0657893 | val_RMSE_RHI=0.12983 | lr=0.001
Epoch 035 | train_loss=0.0906314 | val_loss=0.228935 | val_RMSE_fCNM=0.0623143 | val_RMSE_RHI=0.110238 | lr=0.001
Epoch 036 | train_loss=0.10387 | val_loss=0.203905 | val_RMSE_fCNM=0.0559457 | val_RMSE_RHI=0.106587 | lr=0.001
Epoch 037 | train_loss=0.109368 | val_loss=0.204776 | val_RMSE_fCNM=0.0583354 | val_RMSE_RHI=0.104808 | lr=0.001
Epoch 038 | train_loss=0.101536 | val_loss=0.198434 | val_RMSE_fCNM=0.0566671 | val_RMSE_RHI=0.103855 | lr=0.001
Epoch 039 | train_loss=0.0837349 | val_loss=0.19823 | val_RMSE_fCNM=0.056937 | val_RMSE_RHI=0.103534 | lr=0.001
Epoch 040 | train_loss=0.0826967 | val_loss=0.182728 | val_RMSE_fCNM=0.0535054 | val_RMSE_RHI=0.10043 | lr=0.001
Epoch 041 | train_loss=0.102874 | val_loss=0.190281 | val_RMSE_fCNM=0.0583342 | val_RMSE_RHI=0.0990648 | lr=0.001
Epoch 042 | train_loss=0.0666272 | val_loss=0.196279 | val_RMSE_fCNM=0.0544617 | val_RMSE_RHI=0.10494 | lr=0.001
Epoch 043 | train_loss=0.106001 | val_loss=0.186038 | val_RMSE_fCNM=0.0566194 | val_RMSE_RHI=0.0989603 | lr=0.001
Epoch 044 | train_loss=0.0795543 | val_loss=0.226989 | val_RMSE_fCNM=0.0659898 | val_RMSE_RHI=0.105945 | lr=0.001
Epoch 045 | train_loss=0.0755468 | val_loss=0.169895 | val_RMSE_fCNM=0.054565 | val_RMSE_RHI=0.0941382 | lr=0.001
Epoch 046 | train_loss=0.0843684 | val_loss=0.187466 | val_RMSE_fCNM=0.0545209 | val_RMSE_RHI=0.101439 | lr=0.001
Epoch 047 | train_loss=0.0986503 | val_loss=0.244977 | val_RMSE_fCNM=0.0592877 | val_RMSE_RHI=0.118534 | lr=0.001
Epoch 048 | train_loss=0.119584 | val_loss=0.200841 | val_RMSE_fCNM=0.0560604 | val_RMSE_RHI=0.10532 | lr=0.001
Epoch 049 | train_loss=0.0903441 | val_loss=0.184901 | val_RMSE_fCNM=0.0565788 | val_RMSE_RHI=0.0985329 | lr=0.001
Epoch 050 | train_loss=0.0579901 | val_loss=0.165079 | val_RMSE_fCNM=0.0519555 | val_RMSE_RHI=0.094484 | lr=0.001
Epoch 051 | train_loss=0.0642114 | val_loss=0.183394 | val_RMSE_fCNM=0.0515012 | val_RMSE_RHI=0.102391 | lr=0.001
Epoch 052 | train_loss=0.0679069 | val_loss=0.182454 | val_RMSE_fCNM=0.0577909 | val_RMSE_RHI=0.0963558 | lr=0.001
Epoch 053 | train_loss=0.0598769 | val_loss=0.179577 | val_RMSE_fCNM=0.0511746 | val_RMSE_RHI=0.101145 | lr=0.001
Epoch 054 | train_loss=0.0882522 | val_loss=0.201715 | val_RMSE_fCNM=0.0628034 | val_RMSE_RHI=0.0992615 | lr=0.001
Epoch 055 | train_loss=0.0677992 | val_loss=0.17484 | val_RMSE_fCNM=0.0552493 | val_RMSE_RHI=0.0955968 | lr=0.001
Epoch 056 | train_loss=0.0936883 | val_loss=0.245265 | val_RMSE_fCNM=0.063105 | val_RMSE_RHI=0.115368 | lr=0.0005
Epoch 057 | train_loss=0.0488778 | val_loss=0.158224 | val_RMSE_fCNM=0.0512123 | val_RMSE_RHI=0.0921879 | lr=0.0005
Epoch 058 | train_loss=0.0375395 | val_loss=0.15891 | val_RMSE_fCNM=0.0487889 | val_RMSE_RHI=0.0946051 | lr=0.0005
Epoch 059 | train_loss=0.0343964 | val_loss=0.149134 | val_RMSE_fCNM=0.0476959 | val_RMSE_RHI=0.091283 | lr=0.0005
Epoch 060 | train_loss=0.0352333 | val_loss=0.152843 | val_RMSE_fCNM=0.0485055 | val_RMSE_RHI=0.0922226 | lr=0.0005
Epoch 061 | train_loss=0.0359337 | val_loss=0.152134 | val_RMSE_fCNM=0.0502913 | val_RMSE_RHI=0.0903287 | lr=0.0005
Epoch 062 | train_loss=0.0331346 | val_loss=0.143456 | val_RMSE_fCNM=0.0471285 | val_RMSE_RHI=0.0892283 | lr=0.0005
Epoch 063 | train_loss=0.0241916 | val_loss=0.13853 | val_RMSE_fCNM=0.0452526 | val_RMSE_RHI=0.0885828 | lr=0.0005
Epoch 064 | train_loss=0.0379805 | val_loss=0.144153 | val_RMSE_fCNM=0.047614 | val_RMSE_RHI=0.0891226 | lr=0.0005
Epoch 065 | train_loss=0.0378459 | val_loss=0.132131 | val_RMSE_fCNM=0.0447189 | val_RMSE_RHI=0.0860714 | lr=0.0005
Epoch 066 | train_loss=0.0452947 | val_loss=0.150904 | val_RMSE_fCNM=0.0474192 | val_RMSE_RHI=0.0922964 | lr=0.0005
Epoch 067 | train_loss=0.0376021 | val_loss=0.147539 | val_RMSE_fCNM=0.0486249 | val_RMSE_RHI=0.0897631 | lr=0.0005
Epoch 068 | train_loss=0.032729 | val_loss=0.14023 | val_RMSE_fCNM=0.0463605 | val_RMSE_RHI=0.0884216 | lr=0.0005
Epoch 069 | train_loss=0.0412173 | val_loss=0.142237 | val_RMSE_fCNM=0.0463624 | val_RMSE_RHI=0.0893324 | lr=0.0005
Epoch 070 | train_loss=0.0342302 | val_loss=0.143477 | val_RMSE_fCNM=0.046918 | val_RMSE_RHI=0.0894189 | lr=0.0005
Epoch 071 | train_loss=0.0409693 | val_loss=0.156126 | val_RMSE_fCNM=0.0497563 | val_RMSE_RHI=0.092571 | lr=0.00025
Epoch 072 | train_loss=0.0272406 | val_loss=0.136366 | val_RMSE_fCNM=0.0451594 | val_RMSE_RHI=0.0876689 | lr=0.00025
Epoch 073 | train_loss=0.0259524 | val_loss=0.132033 | val_RMSE_fCNM=0.0438921 | val_RMSE_RHI=0.086719 | lr=0.00025
Epoch 074 | train_loss=0.0219484 | val_loss=0.132163 | val_RMSE_fCNM=0.0437927 | val_RMSE_RHI=0.0868614 | lr=0.00025
Epoch 075 | train_loss=0.022149 | val_loss=0.134367 | val_RMSE_fCNM=0.0447755 | val_RMSE_RHI=0.087067 | lr=0.00025
Epoch 076 | train_loss=0.02831 | val_loss=0.145274 | val_RMSE_fCNM=0.0460844 | val_RMSE_RHI=0.0909267 | lr=0.00025
Epoch 077 | train_loss=0.0246405 | val_loss=0.128283 | val_RMSE_fCNM=0.0436175 | val_RMSE_RHI=0.0851842 | lr=0.00025
Epoch 078 | train_loss=0.0265862 | val_loss=0.132129 | val_RMSE_fCNM=0.0439665 | val_RMSE_RHI=0.0867019 | lr=0.00025
Epoch 079 | train_loss=0.0256624 | val_loss=0.14321 | val_RMSE_fCNM=0.0459416 | val_RMSE_RHI=0.0901244 | lr=0.00025
Epoch 080 | train_loss=0.0227012 | val_loss=0.136357 | val_RMSE_fCNM=0.0450454 | val_RMSE_RHI=0.0877603 | lr=0.00025
Epoch 081 | train_loss=0.0255801 | val_loss=0.128265 | val_RMSE_fCNM=0.0431153 | val_RMSE_RHI=0.085593 | lr=0.00025
Epoch 082 | train_loss=0.0233576 | val_loss=0.132724 | val_RMSE_fCNM=0.0437461 | val_RMSE_RHI=0.0871601 | lr=0.00025
Epoch 083 | train_loss=0.0281826 | val_loss=0.135137 | val_RMSE_fCNM=0.0450232 | val_RMSE_RHI=0.0872159 | lr=0.00025
Epoch 084 | train_loss=0.025957 | val_loss=0.150064 | val_RMSE_fCNM=0.0487012 | val_RMSE_RHI=0.0908259 | lr=0.00025
Epoch 085 | train_loss=0.0229908 | val_loss=0.128529 | val_RMSE_fCNM=0.0429362 | val_RMSE_RHI=0.085864 | lr=0.00025
Epoch 086 | train_loss=0.0234586 | val_loss=0.132039 | val_RMSE_fCNM=0.0431245 | val_RMSE_RHI=0.0873488 | lr=0.00025
Epoch 087 | train_loss=0.0247648 | val_loss=0.127056 | val_RMSE_fCNM=0.042808 | val_RMSE_RHI=0.0852735 | lr=0.00025
Epoch 088 | train_loss=0.0211584 | val_loss=0.127524 | val_RMSE_fCNM=0.0434368 | val_RMSE_RHI=0.084975 | lr=0.00025
Epoch 089 | train_loss=0.0213592 | val_loss=0.125697 | val_RMSE_fCNM=0.0434854 | val_RMSE_RHI=0.0840611 | lr=0.00025
Epoch 090 | train_loss=0.0214368 | val_loss=0.130207 | val_RMSE_fCNM=0.0430555 | val_RMSE_RHI=0.0865534 | lr=0.00025
Epoch 091 | train_loss=0.0253722 | val_loss=0.12712 | val_RMSE_fCNM=0.0427075 | val_RMSE_RHI=0.0853863 | lr=0.00025
Epoch 092 | train_loss=0.0200942 | val_loss=0.128132 | val_RMSE_fCNM=0.0423728 | val_RMSE_RHI=0.0861344 | lr=0.00025
Epoch 093 | train_loss=0.020658 | val_loss=0.122811 | val_RMSE_fCNM=0.041917 | val_RMSE_RHI=0.0839759 | lr=0.00025
Epoch 094 | train_loss=0.0246922 | val_loss=0.127113 | val_RMSE_fCNM=0.0430621 | val_RMSE_RHI=0.0850914 | lr=0.00025
Epoch 095 | train_loss=0.021647 | val_loss=0.125275 | val_RMSE_fCNM=0.0424268 | val_RMSE_RHI=0.0847396 | lr=0.00025
Epoch 096 | train_loss=0.0247346 | val_loss=0.134371 | val_RMSE_fCNM=0.0439577 | val_RMSE_RHI=0.0877477 | lr=0.00025
Epoch 097 | train_loss=0.0260009 | val_loss=0.129787 | val_RMSE_fCNM=0.0442791 | val_RMSE_RHI=0.0853397 | lr=0.00025
Epoch 098 | train_loss=0.0214259 | val_loss=0.12392 | val_RMSE_fCNM=0.042569 | val_RMSE_RHI=0.0839736 | lr=0.00025
Epoch 099 | train_loss=0.0195728 | val_loss=0.125297 | val_RMSE_fCNM=0.0428682 | val_RMSE_RHI=0.0843861 | lr=0.000125
Epoch 100 | train_loss=0.0175003 | val_loss=0.120125 | val_RMSE_fCNM=0.041592 | val_RMSE_RHI=0.0829414 | lr=0.000125

Test RMSE fCNM: 0.0443407
Test RMSE RHI : 0.100043
Test MAE  fCNM: 0.0298012
Test MAE  RHI : 0.0430273

Prediction diagnostics
  fCNM truth: min=0, max=0.866349, mean=0.0853491
  fCNM pred : min=-0.0818829, max=0.819923, mean=0.0980056
  RHI truth: min=0.99583, max=5.30251, mean=1.05172
  RHI pred : min=0.82521, max=3.73124, mean=1.05408

Summary
  device: cpu
  subset size: 20000
  train/val/test: 14000/3000/3000
  best validation loss: 0.120125
  final test RMSE fCNM: 0.0443407
  final test RMSE RHI : 0.100043
  sampled indices CSV: /mnt/c/Users/retar/Desktop/research/ML/ML_MW/results/sampled_indices.csv
  split indices CSV: /mnt/c/Users/retar/Desktop/research/ML/ML_MW/results/split_indices.csv
  training metrics CSV: /mnt/c/Users/retar/Desktop/research/ML/ML_MW/results/training_metrics.csv
  prediction CSV: /mnt/c/Users/retar/Desktop/research/ML/ML_MW/results/test_predictions.csv
  figures:
    /mnt/c/Users/retar/Desktop/research/ML/ML_MW/figs/true_vs_pred_fcnm.png
    /mnt/c/Users/retar/Desktop/research/ML/ML_MW/figs/true_vs_pred_rhi.png
    /mnt/c/Users/retar/Desktop/research/ML/ML_MW/figs/true_vs_pred_combined.png
