Using device: cuda
Reading targets from: /mnt/c/Users/retar/Desktop/research/ML/data/MW/fcnm_RHI_z.fits
Listing spectra in: /mnt/c/Users/retar/Desktop/research/ML/data/MW/syn_HI_spec_z
Skipped 1 tiny/empty spectra files that are likely incomplete.
Found 262143 spectra files
Mapped spectra filenames to flattened FITS target indices using target shape (512, 512)

Split sizes: train=183500, val=39321, test=39322

Target summary: selected subset (n=262143)
  fCNM: min=0, p05=0, median=0, mean=0.092244, std=0.17233, p95=0.50072, max=0.9707
  RHI : min=0.99561, p05=0.99786, median=1.0111, mean=1.0672, std=0.30218, p95=1.2818, max=38.421

Target summary: train (n=183500)
  fCNM: min=0, p05=0, median=0, mean=0.092812, std=0.17287, p95=0.50261, max=0.94901
  RHI : min=0.99561, p05=0.99787, median=1.0112, mean=1.0674, std=0.30545, p95=1.2831, max=38.421

Target summary: validation (n=39321)
  fCNM: min=0, p05=0, median=0, mean=0.090903, std=0.17148, p95=0.49818, max=0.92244
  RHI : min=0.99564, p05=0.99787, median=1.0109, mean=1.0669, std=0.2871, p95=1.2849, max=12.44

Target summary: test (n=39322)
  fCNM: min=0, p05=0, median=0, mean=0.090932, std=0.17061, p95=0.49489, max=0.9707
  RHI : min=0.99566, p05=0.99785, median=1.0109, mean=1.066, std=0.30156, p95=1.2735, max=25.905

Reading only selected subset spectra: 262143 files
Loaded 1/262143 spectra
Loaded 1000/262143 spectra
Loaded 2000/262143 spectra
Loaded 3000/262143 spectra
Loaded 4000/262143 spectra
Loaded 5000/262143 spectra
Loaded 6000/262143 spectra
Loaded 7000/262143 spectra
Loaded 8000/262143 spectra
Loaded 9000/262143 spectra
Loaded 10000/262143 spectra
Loaded 11000/262143 spectra
Loaded 12000/262143 spectra
Loaded 13000/262143 spectra
Loaded 14000/262143 spectra
Loaded 15000/262143 spectra
Loaded 16000/262143 spectra
Loaded 17000/262143 spectra
Loaded 18000/262143 spectra
Loaded 19000/262143 spectra
Loaded 20000/262143 spectra
Loaded 21000/262143 spectra
Loaded 22000/262143 spectra
Loaded 23000/262143 spectra
Loaded 24000/262143 spectra
Loaded 25000/262143 spectra
Loaded 26000/262143 spectra
Loaded 27000/262143 spectra
Loaded 28000/262143 spectra
Loaded 29000/262143 spectra
Loaded 30000/262143 spectra
Loaded 31000/262143 spectra
Loaded 32000/262143 spectra
Loaded 33000/262143 spectra
Loaded 34000/262143 spectra
Loaded 35000/262143 spectra
Loaded 36000/262143 spectra
Loaded 37000/262143 spectra
Loaded 38000/262143 spectra
Loaded 39000/262143 spectra
Loaded 40000/262143 spectra
Loaded 41000/262143 spectra
Loaded 42000/262143 spectra
Loaded 43000/262143 spectra
Loaded 44000/262143 spectra
Loaded 45000/262143 spectra
Loaded 46000/262143 spectra
Loaded 47000/262143 spectra
Loaded 48000/262143 spectra
Loaded 49000/262143 spectra
Loaded 50000/262143 spectra
Loaded 51000/262143 spectra
Loaded 52000/262143 spectra
Loaded 53000/262143 spectra
Loaded 54000/262143 spectra
Loaded 55000/262143 spectra
Loaded 56000/262143 spectra
Loaded 57000/262143 spectra
Loaded 58000/262143 spectra
Loaded 59000/262143 spectra
Loaded 60000/262143 spectra
Loaded 61000/262143 spectra
Loaded 62000/262143 spectra
Loaded 63000/262143 spectra
Loaded 64000/262143 spectra
Loaded 65000/262143 spectra
Loaded 66000/262143 spectra
Loaded 67000/262143 spectra
Loaded 68000/262143 spectra
Loaded 69000/262143 spectra
Loaded 70000/262143 spectra
Loaded 71000/262143 spectra
Loaded 72000/262143 spectra
Loaded 73000/262143 spectra
Loaded 74000/262143 spectra
Loaded 75000/262143 spectra
Loaded 76000/262143 spectra
Loaded 77000/262143 spectra
Loaded 78000/262143 spectra
Loaded 79000/262143 spectra
Loaded 80000/262143 spectra
Loaded 81000/262143 spectra
Loaded 82000/262143 spectra
Loaded 83000/262143 spectra
Loaded 84000/262143 spectra
Loaded 85000/262143 spectra
Loaded 86000/262143 spectra
Loaded 87000/262143 spectra
Loaded 88000/262143 spectra
Loaded 89000/262143 spectra
Loaded 90000/262143 spectra
Loaded 91000/262143 spectra
Loaded 92000/262143 spectra
Loaded 93000/262143 spectra
Loaded 94000/262143 spectra
Loaded 95000/262143 spectra
Loaded 96000/262143 spectra
Loaded 97000/262143 spectra
Loaded 98000/262143 spectra
Loaded 99000/262143 spectra
Loaded 100000/262143 spectra
Loaded 101000/262143 spectra
Loaded 102000/262143 spectra
Loaded 103000/262143 spectra
Loaded 104000/262143 spectra
Loaded 105000/262143 spectra
Loaded 106000/262143 spectra
Loaded 107000/262143 spectra
Loaded 108000/262143 spectra
Loaded 109000/262143 spectra
Loaded 110000/262143 spectra
Loaded 111000/262143 spectra
Loaded 112000/262143 spectra
Loaded 113000/262143 spectra
Loaded 114000/262143 spectra
Loaded 115000/262143 spectra
Loaded 116000/262143 spectra
Loaded 117000/262143 spectra
Loaded 118000/262143 spectra
Loaded 119000/262143 spectra
Loaded 120000/262143 spectra
Loaded 121000/262143 spectra
Loaded 122000/262143 spectra
Loaded 123000/262143 spectra
Loaded 124000/262143 spectra
Loaded 125000/262143 spectra
Loaded 126000/262143 spectra
Loaded 127000/262143 spectra
Loaded 128000/262143 spectra
Loaded 129000/262143 spectra
Loaded 130000/262143 spectra
Loaded 131000/262143 spectra
Loaded 132000/262143 spectra
Loaded 133000/262143 spectra
Loaded 134000/262143 spectra
Loaded 135000/262143 spectra
Loaded 136000/262143 spectra
Loaded 137000/262143 spectra
Loaded 138000/262143 spectra
Loaded 139000/262143 spectra
Loaded 140000/262143 spectra
Loaded 141000/262143 spectra
Loaded 142000/262143 spectra
Loaded 143000/262143 spectra
Loaded 144000/262143 spectra
Loaded 145000/262143 spectra
Loaded 146000/262143 spectra
Loaded 147000/262143 spectra
Loaded 148000/262143 spectra
Loaded 149000/262143 spectra
Loaded 150000/262143 spectra
Loaded 151000/262143 spectra
Loaded 152000/262143 spectra
Loaded 153000/262143 spectra
Loaded 154000/262143 spectra
Loaded 155000/262143 spectra
Loaded 156000/262143 spectra
Loaded 157000/262143 spectra
Loaded 158000/262143 spectra
Loaded 159000/262143 spectra
Loaded 160000/262143 spectra
Loaded 161000/262143 spectra
Loaded 162000/262143 spectra
Loaded 163000/262143 spectra
Loaded 164000/262143 spectra
Loaded 165000/262143 spectra
Loaded 166000/262143 spectra
Loaded 167000/262143 spectra
Loaded 168000/262143 spectra
Loaded 169000/262143 spectra
Loaded 170000/262143 spectra
Loaded 171000/262143 spectra
Loaded 172000/262143 spectra
Loaded 173000/262143 spectra
Loaded 174000/262143 spectra
Loaded 175000/262143 spectra
Loaded 176000/262143 spectra
Loaded 177000/262143 spectra
Loaded 178000/262143 spectra
Loaded 179000/262143 spectra
Loaded 180000/262143 spectra
Loaded 181000/262143 spectra
Loaded 182000/262143 spectra
Loaded 183000/262143 spectra
Loaded 184000/262143 spectra
Loaded 185000/262143 spectra
Loaded 186000/262143 spectra
Loaded 187000/262143 spectra
Loaded 188000/262143 spectra
Loaded 189000/262143 spectra
Loaded 190000/262143 spectra
Loaded 191000/262143 spectra
Loaded 192000/262143 spectra
Loaded 193000/262143 spectra
Loaded 194000/262143 spectra
Loaded 195000/262143 spectra
Loaded 196000/262143 spectra
Loaded 197000/262143 spectra
Loaded 198000/262143 spectra
Loaded 199000/262143 spectra
Loaded 200000/262143 spectra
Loaded 201000/262143 spectra
Loaded 202000/262143 spectra
Loaded 203000/262143 spectra
Loaded 204000/262143 spectra
Loaded 205000/262143 spectra
Loaded 206000/262143 spectra
Loaded 207000/262143 spectra
Loaded 208000/262143 spectra
Loaded 209000/262143 spectra
Loaded 210000/262143 spectra
Loaded 211000/262143 spectra
Loaded 212000/262143 spectra
Loaded 213000/262143 spectra
Loaded 214000/262143 spectra
Loaded 215000/262143 spectra
Loaded 216000/262143 spectra
Loaded 217000/262143 spectra
Loaded 218000/262143 spectra
Loaded 219000/262143 spectra
Loaded 220000/262143 spectra
Loaded 221000/262143 spectra
Loaded 222000/262143 spectra
Loaded 223000/262143 spectra
Loaded 224000/262143 spectra
Loaded 225000/262143 spectra
Loaded 226000/262143 spectra
Loaded 227000/262143 spectra
Loaded 228000/262143 spectra
Loaded 229000/262143 spectra
Loaded 230000/262143 spectra
Loaded 231000/262143 spectra
Loaded 232000/262143 spectra
Loaded 233000/262143 spectra
Loaded 234000/262143 spectra
Loaded 235000/262143 spectra
Loaded 236000/262143 spectra
Loaded 237000/262143 spectra
Loaded 238000/262143 spectra
Loaded 239000/262143 spectra
Loaded 240000/262143 spectra
Loaded 241000/262143 spectra
Loaded 242000/262143 spectra
Loaded 243000/262143 spectra
Loaded 244000/262143 spectra
Loaded 245000/262143 spectra
Loaded 246000/262143 spectra
Loaded 247000/262143 spectra
Loaded 248000/262143 spectra
Loaded 249000/262143 spectra
Loaded 250000/262143 spectra
Loaded 251000/262143 spectra
Loaded 252000/262143 spectra
Loaded 253000/262143 spectra
Loaded 254000/262143 spectra
Loaded 255000/262143 spectra
Loaded 256000/262143 spectra
Loaded 257000/262143 spectra
Loaded 258000/262143 spectra
Loaded 259000/262143 spectra
Loaded 260000/262143 spectra
Loaded 261000/262143 spectra
Loaded 262000/262143 spectra
Loaded 262143/262143 spectra
Selected TB loaded: (262143, 201)
Input normalization: ON, fitted per velocity channel on train split
Target normalization: ON, fitted on train split (mean fCNM/RHI=[0.09281223 1.0674652 ], std=[0.17287366 0.3054342 ])
Using imbalance sampler with 24 occupied joint bins out of 100; min/max bin counts=1/133173
TPCNetInspiredCNN(
  (backbone): Sequential(
    (0): Conv1d(1, 64, kernel_size=(7,), stride=(1,), padding=(3,), bias=False)
    (1): BatchNorm1d(64, eps=1e-05, momentum=0.1, affine=True, track_running_stats=True)
    (2): ReLU(inplace=True)
    (3): Conv1d(64, 56, kernel_size=(33,), stride=(1,), padding=(16,), bias=False)
    (4): BatchNorm1d(56, eps=1e-05, momentum=0.1, affine=True, track_running_stats=True)
    (5): ReLU(inplace=True)
    (6): Conv1d(56, 48, kernel_size=(7,), stride=(1,), padding=(3,), bias=False)
    (7): BatchNorm1d(48, eps=1e-05, momentum=0.1, affine=True, track_running_stats=True)
    (8): ReLU(inplace=True)
    (9): Conv1d(48, 40, kernel_size=(33,), stride=(1,), padding=(16,), bias=False)
    (10): BatchNorm1d(40, eps=1e-05, momentum=0.1, affine=True, track_running_stats=True)
    (11): ReLU(inplace=True)
    (12): Conv1d(40, 32, kernel_size=(7,), stride=(1,), padding=(3,), bias=False)
    (13): BatchNorm1d(32, eps=1e-05, momentum=0.1, affine=True, track_running_stats=True)
    (14): ReLU(inplace=True)
    (15): Conv1d(32, 24, kernel_size=(33,), stride=(1,), padding=(16,), bias=False)
    (16): BatchNorm1d(24, eps=1e-05, momentum=0.1, affine=True, track_running_stats=True)
    (17): ReLU(inplace=True)
    (18): Conv1d(24, 16, kernel_size=(7,), stride=(1,), padding=(3,), bias=False)
    (19): BatchNorm1d(16, eps=1e-05, momentum=0.1, affine=True, track_running_stats=True)
    (20): ReLU(inplace=True)
    (21): Conv1d(16, 8, kernel_size=(33,), stride=(1,), padding=(16,), bias=False)
    (22): BatchNorm1d(8, eps=1e-05, momentum=0.1, affine=True, track_running_stats=True)
    (23): ReLU(inplace=True)
  )
  (head): Linear(in_features=1608, out_features=2, bias=True)
)
Epoch 001 | train_loss=22.0566 | val_loss=6.03376 | val_RMSE_fCNM=0.277419 | val_RMSE_RHI=0.941029 | lr=0.001
Epoch 002 | train_loss=4.03384 | val_loss=2.22782 | val_RMSE_fCNM=0.202141 | val_RMSE_RHI=0.536764 | lr=0.001
Epoch 003 | train_loss=2.33015 | val_loss=1.58676 | val_RMSE_fCNM=0.182613 | val_RMSE_RHI=0.438133 | lr=0.001
Epoch 004 | train_loss=1.83336 | val_loss=2.21488 | val_RMSE_fCNM=0.173883 | val_RMSE_RHI=0.564686 | lr=0.001
Epoch 005 | train_loss=1.36206 | val_loss=1.31609 | val_RMSE_fCNM=0.145668 | val_RMSE_RHI=0.42346 | lr=0.001
Epoch 006 | train_loss=1.15218 | val_loss=1.76426 | val_RMSE_fCNM=0.159954 | val_RMSE_RHI=0.499309 | lr=0.001
Epoch 007 | train_loss=1.03489 | val_loss=1.60505 | val_RMSE_fCNM=0.148313 | val_RMSE_RHI=0.480423 | lr=0.001
Epoch 008 | train_loss=0.72337 | val_loss=1.13309 | val_RMSE_fCNM=0.128656 | val_RMSE_RHI=0.399678 | lr=0.001
Epoch 009 | train_loss=0.905603 | val_loss=1.1079 | val_RMSE_fCNM=0.140509 | val_RMSE_RHI=0.380897 | lr=0.001
Epoch 010 | train_loss=0.629073 | val_loss=0.647509 | val_RMSE_fCNM=0.102257 | val_RMSE_RHI=0.296937 | lr=0.001
Epoch 011 | train_loss=0.624161 | val_loss=0.646037 | val_RMSE_fCNM=0.112805 | val_RMSE_RHI=0.28428 | lr=0.001
Epoch 012 | train_loss=0.573777 | val_loss=0.756545 | val_RMSE_fCNM=0.129943 | val_RMSE_RHI=0.297401 | lr=0.001
Epoch 013 | train_loss=0.445792 | val_loss=0.476016 | val_RMSE_fCNM=0.100561 | val_RMSE_RHI=0.239265 | lr=0.001
Epoch 014 | train_loss=3.34607 | val_loss=1.45185 | val_RMSE_fCNM=0.149183 | val_RMSE_RHI=0.448791 | lr=0.001
Epoch 015 | train_loss=0.894717 | val_loss=0.847905 | val_RMSE_fCNM=0.117858 | val_RMSE_RHI=0.338882 | lr=0.001
Epoch 016 | train_loss=0.683936 | val_loss=0.739987 | val_RMSE_fCNM=0.116786 | val_RMSE_RHI=0.309017 | lr=0.001
Epoch 017 | train_loss=0.636617 | val_loss=0.679331 | val_RMSE_fCNM=0.105955 | val_RMSE_RHI=0.302829 | lr=0.001
Epoch 018 | train_loss=0.500449 | val_loss=0.603582 | val_RMSE_fCNM=0.0938728 | val_RMSE_RHI=0.291734 | lr=0.001
Epoch 019 | train_loss=0.485191 | val_loss=0.665745 | val_RMSE_fCNM=0.0954014 | val_RMSE_RHI=0.309522 | lr=0.0005
Epoch 020 | train_loss=0.303572 | val_loss=0.450167 | val_RMSE_fCNM=0.0888051 | val_RMSE_RHI=0.243668 | lr=0.0005
Epoch 021 | train_loss=0.291129 | val_loss=0.474346 | val_RMSE_fCNM=0.0913313 | val_RMSE_RHI=0.24993 | lr=0.0005
Epoch 022 | train_loss=0.272584 | val_loss=0.499053 | val_RMSE_fCNM=0.0975659 | val_RMSE_RHI=0.251791 | lr=0.0005
Epoch 023 | train_loss=0.272754 | val_loss=0.371555 | val_RMSE_fCNM=0.0796638 | val_RMSE_RHI=0.222517 | lr=0.0005
Epoch 024 | train_loss=0.260687 | val_loss=0.414169 | val_RMSE_fCNM=0.0840797 | val_RMSE_RHI=0.234964 | lr=0.0005
Epoch 025 | train_loss=0.239949 | val_loss=0.411936 | val_RMSE_fCNM=0.0867205 | val_RMSE_RHI=0.231048 | lr=0.0005
Epoch 026 | train_loss=0.23564 | val_loss=0.359718 | val_RMSE_fCNM=0.0844171 | val_RMSE_RHI=0.211828 | lr=0.0005
Epoch 027 | train_loss=0.214269 | val_loss=0.339468 | val_RMSE_fCNM=0.0794028 | val_RMSE_RHI=0.208942 | lr=0.0005
Epoch 028 | train_loss=0.225067 | val_loss=0.324705 | val_RMSE_fCNM=0.0722822 | val_RMSE_RHI=0.210414 | lr=0.0005
Epoch 029 | train_loss=0.306476 | val_loss=0.357308 | val_RMSE_fCNM=0.0762678 | val_RMSE_RHI=0.220247 | lr=0.0005
Epoch 030 | train_loss=0.188783 | val_loss=0.312672 | val_RMSE_fCNM=0.075474 | val_RMSE_RHI=0.201387 | lr=0.0005
Epoch 031 | train_loss=0.176431 | val_loss=0.306206 | val_RMSE_fCNM=0.0694644 | val_RMSE_RHI=0.205108 | lr=0.0005
Epoch 032 | train_loss=0.181889 | val_loss=0.319768 | val_RMSE_fCNM=0.0729674 | val_RMSE_RHI=0.207466 | lr=0.0005
Epoch 033 | train_loss=0.179647 | val_loss=0.322554 | val_RMSE_fCNM=0.0750211 | val_RMSE_RHI=0.20643 | lr=0.0005
Epoch 034 | train_loss=0.171383 | val_loss=0.287901 | val_RMSE_fCNM=0.0708253 | val_RMSE_RHI=0.195084 | lr=0.0005
Epoch 035 | train_loss=0.172877 | val_loss=0.297794 | val_RMSE_fCNM=0.0729026 | val_RMSE_RHI=0.197412 | lr=0.0005
Epoch 036 | train_loss=0.156952 | val_loss=0.282324 | val_RMSE_fCNM=0.0687277 | val_RMSE_RHI=0.194759 | lr=0.0005
Epoch 037 | train_loss=0.166248 | val_loss=0.249969 | val_RMSE_fCNM=0.0605185 | val_RMSE_RHI=0.187634 | lr=0.0005
Epoch 038 | train_loss=0.15331 | val_loss=0.260045 | val_RMSE_fCNM=0.0641201 | val_RMSE_RHI=0.188905 | lr=0.0005
Epoch 039 | train_loss=0.154661 | val_loss=0.259106 | val_RMSE_fCNM=0.0677218 | val_RMSE_RHI=0.184466 | lr=0.0005
Epoch 040 | train_loss=0.142324 | val_loss=0.254124 | val_RMSE_fCNM=0.0645862 | val_RMSE_RHI=0.185454 | lr=0.0005
Epoch 041 | train_loss=0.138251 | val_loss=0.253055 | val_RMSE_fCNM=0.0655681 | val_RMSE_RHI=0.183833 | lr=0.0005
Epoch 042 | train_loss=0.141794 | val_loss=0.248007 | val_RMSE_fCNM=0.0624627 | val_RMSE_RHI=0.184645 | lr=0.0005
Epoch 043 | train_loss=0.133963 | val_loss=0.247709 | val_RMSE_fCNM=0.0575388 | val_RMSE_RHI=0.189428 | lr=0.0005
Epoch 044 | train_loss=0.134389 | val_loss=0.246299 | val_RMSE_fCNM=0.0588143 | val_RMSE_RHI=0.187501 | lr=0.0005
Epoch 045 | train_loss=0.119946 | val_loss=0.236521 | val_RMSE_fCNM=0.0587674 | val_RMSE_RHI=0.182618 | lr=0.0005
Epoch 046 | train_loss=0.135051 | val_loss=0.264318 | val_RMSE_fCNM=0.0610606 | val_RMSE_RHI=0.194108 | lr=0.0005
Epoch 047 | train_loss=0.118609 | val_loss=0.232093 | val_RMSE_fCNM=0.0542885 | val_RMSE_RHI=0.184672 | lr=0.0005
Epoch 048 | train_loss=0.114975 | val_loss=0.260213 | val_RMSE_fCNM=0.0682193 | val_RMSE_RHI=0.184453 | lr=0.0005
Epoch 049 | train_loss=0.122358 | val_loss=0.24625 | val_RMSE_fCNM=0.06113 | val_RMSE_RHI=0.18515 | lr=0.0005
Epoch 050 | train_loss=0.121267 | val_loss=0.262704 | val_RMSE_fCNM=0.0676144 | val_RMSE_RHI=0.186398 | lr=0.0005
Epoch 051 | train_loss=0.106702 | val_loss=0.231144 | val_RMSE_fCNM=0.0534625 | val_RMSE_RHI=0.184945 | lr=0.0005
Epoch 052 | train_loss=0.109207 | val_loss=0.235415 | val_RMSE_fCNM=0.0600957 | val_RMSE_RHI=0.180693 | lr=0.0005
Epoch 053 | train_loss=0.109805 | val_loss=0.223605 | val_RMSE_fCNM=0.0547384 | val_RMSE_RHI=0.179908 | lr=0.0005
Epoch 054 | train_loss=0.105574 | val_loss=0.22656 | val_RMSE_fCNM=0.0571461 | val_RMSE_RHI=0.179102 | lr=0.0005
Epoch 055 | train_loss=0.105423 | val_loss=0.227256 | val_RMSE_fCNM=0.0576475 | val_RMSE_RHI=0.178963 | lr=0.0005
Epoch 056 | train_loss=0.107124 | val_loss=0.2216 | val_RMSE_fCNM=0.0572934 | val_RMSE_RHI=0.17635 | lr=0.0005
Epoch 057 | train_loss=0.100659 | val_loss=0.218383 | val_RMSE_fCNM=0.0544437 | val_RMSE_RHI=0.177463 | lr=0.0005
Epoch 058 | train_loss=0.0979298 | val_loss=0.219149 | val_RMSE_fCNM=0.0552959 | val_RMSE_RHI=0.177043 | lr=0.0005
Epoch 059 | train_loss=0.0984004 | val_loss=0.204266 | val_RMSE_fCNM=0.0507024 | val_RMSE_RHI=0.173457 | lr=0.0005
Epoch 060 | train_loss=0.0961616 | val_loss=0.20793 | val_RMSE_fCNM=0.0516554 | val_RMSE_RHI=0.174546 | lr=0.0005
Epoch 061 | train_loss=0.0952435 | val_loss=0.215157 | val_RMSE_fCNM=0.052937 | val_RMSE_RHI=0.17719 | lr=0.0005
Epoch 062 | train_loss=0.0992213 | val_loss=0.218672 | val_RMSE_fCNM=0.0588245 | val_RMSE_RHI=0.1732 | lr=0.0005
Epoch 063 | train_loss=0.0913055 | val_loss=0.204904 | val_RMSE_fCNM=0.0517193 | val_RMSE_RHI=0.172862 | lr=0.0005
Epoch 064 | train_loss=0.0929035 | val_loss=0.205577 | val_RMSE_fCNM=0.0505427 | val_RMSE_RHI=0.174305 | lr=0.0005
Epoch 065 | train_loss=0.0889948 | val_loss=0.205463 | val_RMSE_fCNM=0.0509672 | val_RMSE_RHI=0.173858 | lr=0.00025
Epoch 066 | train_loss=0.0602777 | val_loss=0.209792 | val_RMSE_fCNM=0.0537473 | val_RMSE_RHI=0.173567 | lr=0.00025
Epoch 067 | train_loss=0.0623779 | val_loss=0.19593 | val_RMSE_fCNM=0.049851 | val_RMSE_RHI=0.169703 | lr=0.00025
Epoch 068 | train_loss=0.0624863 | val_loss=0.196631 | val_RMSE_fCNM=0.052234 | val_RMSE_RHI=0.167841 | lr=0.00025
Epoch 069 | train_loss=0.0621101 | val_loss=0.199478 | val_RMSE_fCNM=0.0542126 | val_RMSE_RHI=0.167464 | lr=0.00025
Epoch 070 | train_loss=0.0570448 | val_loss=0.200693 | val_RMSE_fCNM=0.0512331 | val_RMSE_RHI=0.171031 | lr=0.00025
Epoch 071 | train_loss=0.0594867 | val_loss=0.196985 | val_RMSE_fCNM=0.0520879 | val_RMSE_RHI=0.168179 | lr=0.00025
Epoch 072 | train_loss=0.0593415 | val_loss=0.201023 | val_RMSE_fCNM=0.0524597 | val_RMSE_RHI=0.170048 | lr=0.00025
Epoch 073 | train_loss=0.0604627 | val_loss=0.192067 | val_RMSE_fCNM=0.050187 | val_RMSE_RHI=0.167252 | lr=0.00025
Epoch 074 | train_loss=0.0588229 | val_loss=0.188817 | val_RMSE_fCNM=0.0503813 | val_RMSE_RHI=0.165245 | lr=0.00025
Epoch 075 | train_loss=0.0571701 | val_loss=0.195185 | val_RMSE_fCNM=0.0487826 | val_RMSE_RHI=0.170262 | lr=0.00025
Epoch 076 | train_loss=0.0581288 | val_loss=0.19819 | val_RMSE_fCNM=0.0510348 | val_RMSE_RHI=0.169847 | lr=0.00025
Epoch 077 | train_loss=0.0560545 | val_loss=0.185378 | val_RMSE_fCNM=0.0482056 | val_RMSE_RHI=0.16533 | lr=0.00025
Epoch 078 | train_loss=0.0567762 | val_loss=0.198737 | val_RMSE_fCNM=0.0545018 | val_RMSE_RHI=0.166757 | lr=0.00025
Epoch 079 | train_loss=0.0572556 | val_loss=0.198473 | val_RMSE_fCNM=0.0512145 | val_RMSE_RHI=0.169833 | lr=0.00025
Epoch 080 | train_loss=0.0569738 | val_loss=0.188306 | val_RMSE_fCNM=0.0468375 | val_RMSE_RHI=0.168185 | lr=0.00025
Epoch 081 | train_loss=0.0521589 | val_loss=0.190987 | val_RMSE_fCNM=0.0493203 | val_RMSE_RHI=0.167455 | lr=0.00025
Epoch 082 | train_loss=0.0557691 | val_loss=0.191391 | val_RMSE_fCNM=0.049289 | val_RMSE_RHI=0.167708 | lr=0.00025
Epoch 083 | train_loss=0.0528311 | val_loss=0.191331 | val_RMSE_fCNM=0.0510497 | val_RMSE_RHI=0.166022 | lr=0.000125
Epoch 084 | train_loss=0.0426333 | val_loss=0.184354 | val_RMSE_fCNM=0.0484617 | val_RMSE_RHI=0.164516 | lr=0.000125
Epoch 085 | train_loss=0.0418441 | val_loss=0.184355 | val_RMSE_fCNM=0.0483373 | val_RMSE_RHI=0.164631 | lr=0.000125
Epoch 086 | train_loss=0.0433955 | val_loss=0.184627 | val_RMSE_fCNM=0.0480007 | val_RMSE_RHI=0.165092 | lr=0.000125
Epoch 087 | train_loss=0.042413 | val_loss=0.184282 | val_RMSE_fCNM=0.0467361 | val_RMSE_RHI=0.166027 | lr=0.000125
Epoch 088 | train_loss=0.0429861 | val_loss=0.180536 | val_RMSE_fCNM=0.0458771 | val_RMSE_RHI=0.164664 | lr=0.000125
Epoch 089 | train_loss=0.041578 | val_loss=0.190024 | val_RMSE_fCNM=0.0495482 | val_RMSE_RHI=0.166707 | lr=0.000125
Epoch 090 | train_loss=0.0419195 | val_loss=0.181066 | val_RMSE_fCNM=0.0473281 | val_RMSE_RHI=0.16368 | lr=0.000125
Epoch 091 | train_loss=0.0412657 | val_loss=0.181634 | val_RMSE_fCNM=0.0465846 | val_RMSE_RHI=0.164667 | lr=0.000125
Epoch 092 | train_loss=0.0403398 | val_loss=0.178844 | val_RMSE_fCNM=0.045268 | val_RMSE_RHI=0.164232 | lr=0.000125
Epoch 093 | train_loss=0.0426353 | val_loss=0.178113 | val_RMSE_fCNM=0.0459693 | val_RMSE_RHI=0.163205 | lr=0.000125
Epoch 094 | train_loss=0.0407033 | val_loss=0.182332 | val_RMSE_fCNM=0.0482442 | val_RMSE_RHI=0.163566 | lr=0.000125
Epoch 095 | train_loss=0.0400742 | val_loss=0.18455 | val_RMSE_fCNM=0.0490795 | val_RMSE_RHI=0.164055 | lr=0.000125
Epoch 096 | train_loss=0.039672 | val_loss=0.179103 | val_RMSE_fCNM=0.0457627 | val_RMSE_RHI=0.16395 | lr=0.000125
Epoch 097 | train_loss=0.0402134 | val_loss=0.185091 | val_RMSE_fCNM=0.0476843 | val_RMSE_RHI=0.165639 | lr=0.000125
Epoch 098 | train_loss=0.0394946 | val_loss=0.182212 | val_RMSE_fCNM=0.0474212 | val_RMSE_RHI=0.164248 | lr=0.000125
Epoch 099 | train_loss=0.0398622 | val_loss=0.17776 | val_RMSE_fCNM=0.0444793 | val_RMSE_RHI=0.164289 | lr=0.000125
Epoch 100 | train_loss=0.0395581 | val_loss=0.182276 | val_RMSE_fCNM=0.0465475 | val_RMSE_RHI=0.165063 | lr=0.000125

Test RMSE fCNM: 0.0447841
Test RMSE RHI : 0.161719
Test MAE  fCNM: 0.0299841
Test MAE  RHI : 0.0488578

Prediction diagnostics
  fCNM truth: min=0, max=0.970701, mean=0.0909316
  fCNM pred : min=-0.196135, max=1.05476, mean=0.0992368
  RHI truth: min=0.995655, max=25.905, mean=1.06599
  RHI pred : min=0.496587, max=25.7855, mean=1.05428

Summary
  device: cuda
  subset size: 262143
  train/val/test: 183500/39321/39322
  best validation loss: 0.17776
  final test RMSE fCNM: 0.0447841
  final test RMSE RHI : 0.161719
  sampled indices CSV: /mnt/c/Users/retar/Desktop/research/ML/ML_MW/results/sampled_indices.csv
  split indices CSV: /mnt/c/Users/retar/Desktop/research/ML/ML_MW/results/split_indices.csv
  training metrics CSV: /mnt/c/Users/retar/Desktop/research/ML/ML_MW/results/training_metrics.csv
  prediction CSV: /mnt/c/Users/retar/Desktop/research/ML/ML_MW/results/test_predictions.csv
  figures:
    /mnt/c/Users/retar/Desktop/research/ML/ML_MW/figs/true_vs_pred_fcnm.png
    /mnt/c/Users/retar/Desktop/research/ML/ML_MW/figs/true_vs_pred_rhi.png
    /mnt/c/Users/retar/Desktop/research/ML/ML_MW/figs/true_vs_pred_combined.png
